//-----------------------------------------------------------------------
// <copyright file="TheClass.cs" company="P.O.S Informatique">
//     Copyright (c) P.O.S Informatique. All rights reserved.
// </copyright>
//-----------------------------------------------------------------------

namespace PosInformatique.VisualStudio.Templates.NamespaceTest;

public partial class TheClass
{
	public TheClass()
    {
    }
}